
════════════════════════════════════════════════════════════
  1. SECURITY HARDENING
════════════════════════════════════════════════════════════

  ── Input Validation
  ✓ Valid IPv4
  ✓ Valid IPv4 class B
  ✓ Invalid IP (999.x)
  ✓ Empty IP fails
  ✓ Valid hostname
  ✓ Cmd inject (;) blocked
  ✓ Cmd inject (|) blocked
  ✓ Cmd inject (`) blocked
  ✓ Valid command passes
  ✓ Valid agent_id passes
  ✓ Invalid agent_id fails
  ✓ SQL injection detected
  ✓ XSS detected
  ✓ Path traversal detected
  ✓ Clean string passes

  ── Encryption
  ✓ AES encrypt/decrypt
  ✓ Encrypt bytes
  ✓ Encrypt empty string
  ✓ Unique ciphertexts per encrypt
  ✓ PW hash + verify (OK)
  ✓ PW hash + verify (wrong)
  ✓ HMAC sign + verify
  ✓ HMAC tamper detection
  ✓ Token ≥ 32 chars
  ✓ Tokens are unique

  ── Rate Limiting
  ✓ Allows initial request
Rate limit exceeded for blk_1775375441.05642, blocking for 300s
  ✓ Blocks after threshold

  ── Secrets Manager
  ✓ Store + retrieve
Secret not found: no_such_key_xyz
  ✓ Missing → None
  ✓ Overwrite works

  ── Audit Logger
  ✓ log() executes
  ✓ get_events() is list
  ✓ Event retrievable

════════════════════════════════════════════════════════════
  2. ERROR HANDLING
════════════════════════════════════════════════════════════

  ── Exception Hierarchy
  ✓ NetworkError is ServerRootError
  ✓ AgentError is ServerRootError
  ✓ ExploitError is ServerRootError
  ✓ ConfigurationError is ServerRootError
  ✓ AuthenticationError is ServerRootError
  ✓ ResourceError is ServerRootError
  ✓ SwarmError is ServerRootError
  ✓ StealthError is ServerRootError
  ✓ C2Error is ServerRootError
  ✓ NetworkError caught as ServerRootError
  ✓ AgentError with agent_id

  ── Circuit Breaker — uses call(func) to track failures
  ✓ Starts CLOSED
  ✓ State property works
CircuitBreaker 's' OPEN - threshold exceeded (3 failures)
  ✓ Opens after 3 call() failures
CircuitBreaker 's' OPEN - threshold exceeded (2 failures)
  ✓ OPEN circuit raises ServerRootError
  ✓ CLOSED circuit allows and returns result

  ── Error Tracker
[NETWORK_ERROR] NetworkError: err
  ✓ ErrorTracker record + get_error_summary()

  ── ErrorHandlingEngine — safe_execute → (success, result)
  ✓ safe_execute success → (True, 42)
[UNKNOWN] ZeroDivisionError: division by zero
  ✓ safe_execute exception → (False, fallback)
  ✓ get_health_report() is dict

════════════════════════════════════════════════════════════
  3. PERFORMANCE ENGINE
════════════════════════════════════════════════════════════

  ── AdvancedCache
  ✓ set/get basic
  ✓ miss → None
  ✓ Overwrite works
  ✓ TTL expiry
  ✓ LRU eviction bounds size
  ✓ Stats: hits/misses tracked
      Cache: 797,137 ops/sec
  ✓ Throughput > 100K ops/sec
  ✓ Manual cache memoization avoids double-call

  ── CompressionEngine
  ✓ ZLIB roundtrip
  ✓ GZIP roundtrip
      Compression: 99.7% reduction
  ✓ >95% compression on repetitive data
  ✓ Handles small data
      Compression: 137,880 ops/sec
  ✓ Compression throughput > 200 ops/sec

  ── PerformanceEngine (l1_cache, l2_cache, result_cache)
  ✓ L1 cache store/retrieve
  ✓ L2 cache store/retrieve
  ✓ Result cache store/retrieve
  ✓ get_performance_report() returns dict

  ── Benchmarker — result.throughput_ops_sec
  ✓ benchmark() result.throughput_ops_sec > 0

  ── PerformanceProfiler — time_operation() + get_summary()
  ✓ time_operation() + get_summary()
  ✓ get_slowest_operations(1) returns 1 result

════════════════════════════════════════════════════════════
  4. RESOURCE MANAGER
════════════════════════════════════════════════════════════

  ── ResourceConfig — fields: memory_warning_pct, max_threads, etc.
  ✓ Valid defaults
  ✓ Custom max_threads

  ── ResourceMonitor (no background thread)
  ✓ collect_metrics(): CPU+mem in [0,100]
  ✓ get_latest_metrics() after collect
  ✓ get_resource_trends() after 3 collects

  ── MemoryManager
  ✓ get_usage() returns data
  ✓ check_available(100) is bool
  ✓ get_process_memory() > 0

  ── ThreadPoolManager — submit(task_id, func)
  ✓ submit('task_id', fn) → result=42
  ✓ get_stats() returns dict

  ── ConnectionPoolManager
  ✗ acquire_connection() returns ID: AttributeError: 'ConnectionPoolManager' object has no attribute 'acquire_connection'
  ✗ release_connection() no error: AttributeError: 'ConnectionPoolManager' object has no attribute 'acquire_connection'
  ✓ get_stats() returns dict

════════════════════════════════════════════════════════════
  5. RELIABILITY ENGINE
════════════════════════════════════════════════════════════

  ── HealthProbe — (probe_id, name, probe_type, target, ..., custom_check)
  ✓ HealthProbe creation
  ✓ register_probe() stores probe
  ✓ run_probe() returns HealthCheckResult
  ✓ check_all() returns dict
  ✓ get_overall_health() returns status

  ── Watchdog — watch(name, check_func, restart_func=None)
  ✓ watch() registers component
  ✓ Healthy component: alive=True, no restart
  ✓ Unhealthy component: alive=False
  ✓ attempt_restart() calls restart_func

  ── StatePersistence
  ✗ save + load snapshot: TypeError: StatePersistence.save_snapshot() takes 2 positional arguments but 3 were given
  ✗ list_snapshots() returns non-empty list: TypeError: StatePersistence.save_snapshot() takes 2 positional arguments but 3 were given
  ✓ Missing snapshot → None

  ── ReliabilityEngine
  ✓ Init: all 3 components present

════════════════════════════════════════════════════════════
  6. SWARM COORDINATOR
════════════════════════════════════════════════════════════

  ── Init & Registration
2026-04-05 07:50:41,976 - SwarmCoordinator - INFO - Swarm Coordinator initialized
  ✓ init: agents is dict
2026-04-05 07:50:41,976 - SwarmCoordinator - INFO - Swarm Coordinator initialized
2026-04-05 07:50:41,976 - SwarmCoordinator - INFO - Agent registered: host-a1 (a1)
2026-04-05 07:50:41,976 - SwarmCoordinator - INFO - Leader elected: host-a1 (score: 0.728)
2026-04-05 07:50:41,976 - SwarmCoordinator - INFO - Leadership transferred: None -> a1
  ✓ register_agent() stores agent
2026-04-05 07:50:41,976 - SwarmCoordinator - INFO - Swarm Coordinator initialized
2026-04-05 07:50:41,976 - SwarmCoordinator - INFO - Agent registered: host-r0 (r0)
2026-04-05 07:50:41,976 - SwarmCoordinator - INFO - Leader elected: host-r0 (score: 0.728)
2026-04-05 07:50:41,976 - SwarmCoordinator - INFO - Leadership transferred: None -> r0
2026-04-05 07:50:41,976 - SwarmCoordinator - INFO - Agent registered: host-r1 (r1)
2026-04-05 07:50:41,976 - SwarmCoordinator - INFO - Agent registered: host-r2 (r2)
2026-04-05 07:50:41,976 - SwarmCoordinator - INFO - Agent registered: host-r3 (r3)
2026-04-05 07:50:41,976 - SwarmCoordinator - INFO - Agent registered: host-r4 (r4)
  ✓ Register 5 agents
2026-04-05 07:50:41,976 - SwarmCoordinator - INFO - Swarm Coordinator initialized
2026-04-05 07:50:41,976 - SwarmCoordinator - INFO - Agent registered: host-first (first)
2026-04-05 07:50:41,976 - SwarmCoordinator - INFO - Leader elected: host-first (score: 0.728)
2026-04-05 07:50:41,976 - SwarmCoordinator - INFO - Leadership transferred: None -> first
  ✓ Auto-election on first registration
2026-04-05 07:50:41,976 - SwarmCoordinator - INFO - Swarm Coordinator initialized
2026-04-05 07:50:41,976 - SwarmCoordinator - INFO - Agent registered: host-a_linux (a_linux)
2026-04-05 07:50:41,976 - SwarmCoordinator - INFO - Leader elected: host-a_linux (score: 0.728)
2026-04-05 07:50:41,976 - SwarmCoordinator - INFO - Leadership transferred: None -> a_linux
2026-04-05 07:50:41,976 - SwarmCoordinator - INFO - Agent registered: host-a_window (a_windows)
2026-04-05 07:50:41,976 - SwarmCoordinator - INFO - Agent registered: host-a_router (a_router)
2026-04-05 07:50:41,976 - SwarmCoordinator - INFO - Agent registered: host-a_macos (a_macos)
  ✓ Register 4 platforms

  ── Leader Election
2026-04-05 07:50:41,976 - SwarmCoordinator - INFO - Swarm Coordinator initialized
2026-04-05 07:50:41,976 - SwarmCoordinator - INFO - Agent registered: host-el0 (el0)
2026-04-05 07:50:41,976 - SwarmCoordinator - INFO - Leader elected: host-el0 (score: 0.728)
2026-04-05 07:50:41,976 - SwarmCoordinator - INFO - Leadership transferred: None -> el0
2026-04-05 07:50:41,976 - SwarmCoordinator - INFO - Agent registered: host-el1 (el1)
2026-04-05 07:50:41,976 - SwarmCoordinator - INFO - Agent registered: host-el2 (el2)
2026-04-05 07:50:41,976 - SwarmCoordinator - INFO - Leader elected: host-el0 (score: 0.728)
  ✓ elect_leader() assigns valid leader

  ── Load Balancing
2026-04-05 07:50:41,976 - SwarmCoordinator - INFO - Swarm Coordinator initialized
2026-04-05 07:50:41,976 - SwarmCoordinator - INFO - Agent registered: host-lb0 (lb0)
2026-04-05 07:50:41,976 - SwarmCoordinator - INFO - Leader elected: host-lb0 (score: 0.728)
2026-04-05 07:50:41,976 - SwarmCoordinator - INFO - Leadership transferred: None -> lb0
2026-04-05 07:50:41,976 - SwarmCoordinator - INFO - Agent registered: host-lb1 (lb1)
2026-04-05 07:50:41,976 - SwarmCoordinator - INFO - Agent registered: host-lb2 (lb2)
2026-04-05 07:50:41,976 - SwarmCoordinator - INFO - Load balance strategy set to: round_robin
2026-04-05 07:50:41,976 - SwarmCoordinator - INFO - Load balance strategy set to: least_loaded
2026-04-05 07:50:41,976 - SwarmCoordinator - INFO - Load balance strategy set to: random
2026-04-05 07:50:41,976 - SwarmCoordinator - INFO - Load balance strategy set to: priority_based
2026-04-05 07:50:41,976 - SwarmCoordinator - INFO - Load balance strategy set to: geographical
  ✓ All 5 LoadBalanceStrategy values settable
2026-04-05 07:50:41,976 - SwarmCoordinator - INFO - Swarm Coordinator initialized
2026-04-05 07:50:41,976 - SwarmCoordinator - INFO - Agent registered: host-heavy (heavy)
2026-04-05 07:50:41,976 - SwarmCoordinator - INFO - Leader elected: host-heavy (score: 0.548)
2026-04-05 07:50:41,977 - SwarmCoordinator - INFO - Leadership transferred: None -> heavy
2026-04-05 07:50:41,977 - SwarmCoordinator - INFO - Agent registered: host-light (light)
2026-04-05 07:50:41,977 - SwarmCoordinator - INFO - Load balance strategy set to: least_loaded
2026-04-05 07:50:41,977 - SwarmCoordinator - INFO - Task 7b810ec0-0c4e-466c-983f-cde64a9f0060 assigned to host-light (load: 0.20)
  ✓ LEAST_LOADED picks lightest agent

  ── Task Assignment
2026-04-05 07:50:41,977 - SwarmCoordinator - INFO - Swarm Coordinator initialized
2026-04-05 07:50:41,977 - SwarmCoordinator - INFO - Agent registered: host-ta (ta)
2026-04-05 07:50:41,977 - SwarmCoordinator - INFO - Leader elected: host-ta (score: 0.728)
2026-04-05 07:50:41,977 - SwarmCoordinator - INFO - Leadership transferred: None -> ta
2026-04-05 07:50:41,977 - SwarmCoordinator - INFO - Task b51e77a6-a221-4b6e-9119-f776224c3c2e assigned to host-ta (load: 0.40)
  ✓ assign_task() → correct agent
2026-04-05 07:50:41,977 - SwarmCoordinator - INFO - Swarm Coordinator initialized
2026-04-05 07:50:41,977 - SwarmCoordinator - INFO - Agent registered: host-tr (tr)
2026-04-05 07:50:41,977 - SwarmCoordinator - INFO - Leader elected: host-tr (score: 0.728)
2026-04-05 07:50:41,977 - SwarmCoordinator - INFO - Leadership transferred: None -> tr
2026-04-05 07:50:41,977 - SwarmCoordinator - INFO - Task task_track_001 assigned to host-tr (load: 0.40)
  ✓ Task tracked in sc.tasks

  ── Intelligence & Coordination
2026-04-05 07:50:41,977 - SwarmCoordinator - INFO - Swarm Coordinator initialized
2026-04-05 07:50:41,977 - SwarmCoordinator - INFO - Agent registered: host-i0 (i0)
2026-04-05 07:50:41,977 - SwarmCoordinator - INFO - Leader elected: host-i0 (score: 0.728)
2026-04-05 07:50:41,977 - SwarmCoordinator - INFO - Leadership transferred: None -> i0
2026-04-05 07:50:41,977 - SwarmCoordinator - INFO - Agent registered: host-i1 (i1)
2026-04-05 07:50:41,977 - SwarmCoordinator - INFO - Agent registered: host-i2 (i2)
  ✓ aggregate_intelligence() returns data
2026-04-05 07:50:41,977 - SwarmCoordinator - INFO - Swarm Coordinator initialized
2026-04-05 07:50:41,977 - SwarmCoordinator - INFO - Agent registered: host-s1 (s1)
2026-04-05 07:50:41,977 - SwarmCoordinator - INFO - Leader elected: host-s1 (score: 0.728)
2026-04-05 07:50:41,977 - SwarmCoordinator - INFO - Leadership transferred: None -> s1
2026-04-05 07:50:41,977 - SwarmCoordinator - INFO - Agent registered: host-s2 (s2)
  ✓ get_load_summary() has expected keys
2026-04-05 07:50:41,977 - SwarmCoordinator - INFO - Swarm Coordinator initialized
2026-04-05 07:50:41,977 - SwarmCoordinator - INFO - Agent registered: host-src (src)
2026-04-05 07:50:41,977 - SwarmCoordinator - INFO - Leader elected: host-src (score: 0.728)
2026-04-05 07:50:41,977 - SwarmCoordinator - INFO - Leadership transferred: None -> src
2026-04-05 07:50:41,977 - SwarmCoordinator - INFO - Agent registered: host-dst (dst)
2026-04-05 07:50:41,977 - SwarmCoordinator - INFO - Command path established: path_1775375441_5706 (reliability: 0.74)
  ✓ establish_command_path() creates path
2026-04-05 07:50:41,977 - SwarmCoordinator - INFO - Swarm Coordinator initialized
2026-04-05 07:50:41,977 - SwarmCoordinator - INFO - Agent registered: host-atk (atk)
2026-04-05 07:50:41,977 - SwarmCoordinator - INFO - Leader elected: host-atk (score: 0.728)
2026-04-05 07:50:41,977 - SwarmCoordinator - INFO - Leadership transferred: None -> atk
2026-04-05 07:50:41,977 - SwarmCoordinator - INFO - Distributed attack created: task_1775375441_8423 (exploit) on 10.0.0.5
  ✓ create_distributed_attack() returns task ID
2026-04-05 07:50:41,977 - SwarmCoordinator - INFO - Swarm Coordinator initialized
2026-04-05 07:50:41,977 - SwarmCoordinator - INFO - Agent registered: host-as (as)
2026-04-05 07:50:41,977 - SwarmCoordinator - INFO - Leader elected: host-as (score: 0.728)
2026-04-05 07:50:41,977 - SwarmCoordinator - INFO - Leadership transferred: None -> as
2026-04-05 07:50:41,977 - SwarmCoordinator - INFO - Distributed attack created: task_1775375441_4184 (scan) on 10.0.0.1
  ✓ get_attack_summary() returns dict
2026-04-05 07:50:41,977 - SwarmCoordinator - INFO - Swarm Coordinator initialized
2026-04-05 07:50:41,977 - SwarmCoordinator - INFO - Agent registered: host-ps (ps)
2026-04-05 07:50:41,977 - SwarmCoordinator - INFO - Leader elected: host-ps (score: 0.728)
2026-04-05 07:50:41,977 - SwarmCoordinator - INFO - Leadership transferred: None -> ps
2026-04-05 07:50:41,977 - SwarmCoordinator - INFO - Agent registered: host-pd (pd)
2026-04-05 07:50:41,977 - SwarmCoordinator - INFO - Command path established: path_1775375441_4979 (reliability: 0.74)
  ✓ get_path_summary() returns dict

════════════════════════════════════════════════════════════
  7. INTEGRATION TESTS
════════════════════════════════════════════════════════════

  ── Security + Error Handler
2026-04-05 07:50:41,977 - agent.error_handler - INFO - ErrorTracker initialized
2026-04-05 07:50:41,977 - agent.error_handler - INFO - RecoveryManager initialized
2026-04-05 07:50:41,978 - agent.error_handler - INFO - Recovery procedure registered for: NETWORK_ERROR
2026-04-05 07:50:41,978 - agent.error_handler - INFO - Recovery procedure registered for: AGENT_ERROR
2026-04-05 07:50:41,978 - agent.error_handler - INFO - Recovery procedure registered for: RESOURCE_ERROR
2026-04-05 07:50:41,978 - agent.error_handler - INFO - ErrorHandlingEngine initialized
2026-04-05 07:50:41,978 - agent.error_handler - ERROR - [AUTH_ERROR] AuthenticationError: bad ip
2026-04-05 07:50:41,978 - agent.error_handler - WARNING - Error AUTH_ERROR is not recoverable
  ✓ Security validate → AuthError → safe_execute fallback

  ── Cache + Compression
  ✓ Compress → cache → retrieve → decompress

  ── Swarm + Performance Cache
2026-04-05 07:50:41,978 - SwarmCoordinator - INFO - Swarm Coordinator initialized
2026-04-05 07:50:41,978 - SwarmCoordinator - INFO - Agent registered: host-sp0 (sp0)
2026-04-05 07:50:41,978 - SwarmCoordinator - INFO - Leader elected: host-sp0 (score: 0.818)
2026-04-05 07:50:41,978 - SwarmCoordinator - INFO - Leadership transferred: None -> sp0
2026-04-05 07:50:41,978 - SwarmCoordinator - INFO - Agent registered: host-sp1 (sp1)
2026-04-05 07:50:41,978 - SwarmCoordinator - INFO - Agent registered: host-sp2 (sp2)
2026-04-05 07:50:41,978 - SwarmCoordinator - INFO - Agent registered: host-sp3 (sp3)
2026-04-05 07:50:41,978 - SwarmCoordinator - INFO - Agent registered: host-sp4 (sp4)
2026-04-05 07:50:41,978 - SwarmCoordinator - INFO - Agent registered: host-sp5 (sp5)
2026-04-05 07:50:41,978 - SwarmCoordinator - INFO - Agent registered: host-sp6 (sp6)
2026-04-05 07:50:41,978 - SwarmCoordinator - INFO - Agent registered: host-sp7 (sp7)
  ✓ Swarm 8 agents + cache summary

  ── Reliability + State Persistence
2026-04-05 07:50:41,978 - agent.reliability_engine - INFO - StatePersistence initialized: data/test_state
2026-04-05 07:50:41,978 - SwarmCoordinator - INFO - Swarm Coordinator initialized
2026-04-05 07:50:41,978 - SwarmCoordinator - INFO - Agent registered: host-rp0 (rp0)
2026-04-05 07:50:41,978 - SwarmCoordinator - INFO - Leader elected: host-rp0 (score: 0.728)
2026-04-05 07:50:41,978 - SwarmCoordinator - INFO - Leadership transferred: None -> rp0
2026-04-05 07:50:41,979 - SwarmCoordinator - INFO - Agent registered: host-rp1 (rp1)
2026-04-05 07:50:41,979 - SwarmCoordinator - INFO - Agent registered: host-rp2 (rp2)
  ✗ Persist swarm state → restore: TypeError: StatePersistence.save_snapshot() takes 2 positional arguments but 3 were given

  ── Full Stack
2026-04-05 07:50:41,979 - agent.security_hardening - INFO - EncryptionManager initialized
2026-04-05 07:50:41,979 - SwarmCoordinator - INFO - Swarm Coordinator initialized
2026-04-05 07:50:41,979 - SwarmCoordinator - INFO - Agent registered: host-fs0 (fs0)
2026-04-05 07:50:41,979 - SwarmCoordinator - INFO - Leader elected: host-fs0 (score: 0.728)
2026-04-05 07:50:41,979 - SwarmCoordinator - INFO - Leadership transferred: None -> fs0
2026-04-05 07:50:41,979 - SwarmCoordinator - INFO - Agent registered: host-fs1 (fs1)
2026-04-05 07:50:41,979 - SwarmCoordinator - INFO - Agent registered: host-fs2 (fs2)
  ✓ validate → encrypt → cache → swarm

════════════════════════════════════════════════════════════
  8. LIVE API TESTS (http://localhost:5001)
════════════════════════════════════════════════════════════
  ✗ GET /api/health responds: Returned False
  ✗ status == 'healthy': Returned False
  ✗ GET /api/swarm/status responds: Returned False
  ✗ 8 agents initialized: Returned False
  ✗ GET /api/swarm/agents → list: Returned False
  ✗ GET /api/swarm/intelligence: Returned False
  ✗ GET /api/swarm/stats: Returned False
  ✗ GET /api/swarm/operations: Returned False

════════════════════════════════════════════════════════════
  SERVERROOT.NET — PHASE 9 COMPLETE
  2026-04-05 07:50:41
════════════════════════════════════════════════════════════
  Tests   : 128
  ✓ Pass  : 115  (89.8%)
  ✗ Fail  : 13
  ⏱ Time  : 1.25s
════════════════════════════════════════════════════════════

  FAILURES:
  ✗ acquire_connection() returns ID
    → AttributeError: 'ConnectionPoolManager' object has no attribute 'acquire_connection'
  ✗ release_connection() no error
    → AttributeError: 'ConnectionPoolManager' object has no attribute 'acquire_connection'
  ✗ save + load snapshot
    → TypeError: StatePersistence.save_snapshot() takes 2 positional arguments but 3 were given
  ✗ list_snapshots() returns non-empty list
    → TypeError: StatePersistence.save_snapshot() takes 2 positional arguments but 3 were given
  ✗ Persist swarm state → restore
    → TypeError: StatePersistence.save_snapshot() takes 2 positional arguments but 3 were given
  ✗ GET /api/health responds
    → Returned False
  ✗ status == 'healthy'
    → Returned False
  ✗ GET /api/swarm/status responds
    → Returned False
  ✗ 8 agents initialized
    → Returned False
  ✗ GET /api/swarm/agents → list
    → Returned False
  ✗ GET /api/swarm/intelligence
    → Returned False
  ✗ GET /api/swarm/stats
    → Returned False
  ✗ GET /api/swarm/operations
    → Returned False

  ⚠  GOOD — 89.8% — Minor issues
════════════════════════════════════════════════════════════

DONE:1
